../Src/main.c:33:6:EXTI5_IRQHandler	272	static
../Src/main.c:58:6:EXTI6_IRQHandler	272	static
../Src/main.c:81:6:EXTI7_IRQHandler	272	static
../Src/main.c:104:6:uart_transmit_string	16	static
../Src/main.c:119:6:LPUART1_IRQHandler	16	static
../Src/main.c:157:6:TIM2_IRQHandler	16	static
../Src/main.c:206:6:TIM6_IRQHandler	16	static
../Src/main.c:227:6:TIM7_IRQHandler	4	static
../Src/main.c:233:6:TIM15_IRQHandler	4	static
../Src/main.c:284:6:TIM5_IRQHandler	272	static
../Src/main.c:379:6:ADC1_2_IRQHandler	4	static
../Src/main.c:394:5:main	8	static,ignoring_inline_asm
